28/04/2025 23:29:02	Dal.ImplementationClient.Create: 	hadasa נוצר בהצלחה!
28/04/2025 23:29:02	Dal.ImplementationClient.Create: 	sari נוצר בהצלחה!
28/04/2025 23:29:02	Dal.ImplementationClient.Create: 	aaa נוצר בהצלחה!
28/04/2025 23:29:02	Dal.ImplementationProduct.Create: 	pot נוצר בהצלחה!
28/04/2025 23:29:02	Dal.ImplementationProduct.Create: 	shelf נוצר בהצלחה!
28/04/2025 23:29:02	Dal.ImplementationSale.Create: 	1 התווסף בהצלחה!
28/04/2025 23:29:02	Dal.ImplementationSale.Create: 	2 התווסף בהצלחה!
28/04/2025 23:29:18	Dal.ImplementationClient.Create: 	hadasa נוצר בהצלחה!
28/04/2025 23:29:18	Dal.ImplementationClient.Create: 	sari נוצר בהצלחה!
28/04/2025 23:29:18	Dal.ImplementationClient.Create: 	aaa נוצר בהצלחה!
28/04/2025 23:29:18	Dal.ImplementationProduct.Create: 	pot נוצר בהצלחה!
28/04/2025 23:29:18	Dal.ImplementationProduct.Create: 	shelf נוצר בהצלחה!
28/04/2025 23:29:18	Dal.ImplementationSale.Create: 	1 התווסף בהצלחה!
28/04/2025 23:29:18	Dal.ImplementationSale.Create: 	2 התווסף בהצלחה!
28/04/2025 23:29:52	Dal.ImplementationClient.Create: 	hadasa נוצר בהצלחה!
28/04/2025 23:29:52	Dal.ImplementationClient.Create: 	sari נוצר בהצלחה!
28/04/2025 23:29:52	Dal.ImplementationClient.Create: 	aaa נוצר בהצלחה!
28/04/2025 23:29:52	Dal.ImplementationProduct.Create: 	pot נוצר בהצלחה!
28/04/2025 23:29:52	Dal.ImplementationProduct.Create: 	shelf נוצר בהצלחה!
28/04/2025 23:29:52	Dal.ImplementationSale.Create: 	1 התווסף בהצלחה!
28/04/2025 23:29:52	Dal.ImplementationSale.Create: 	2 התווסף בהצלחה!
28/04/2025 23:31:25	Dal.ImplementationClient.Create: 	hadasa נוצר בהצלחה!
28/04/2025 23:31:25	Dal.ImplementationClient.Create: 	sari נוצר בהצלחה!
28/04/2025 23:31:25	Dal.ImplementationClient.Create: 	aaa נוצר בהצלחה!
28/04/2025 23:31:25	Dal.ImplementationProduct.Create: 	pot נוצר בהצלחה!
28/04/2025 23:31:25	Dal.ImplementationProduct.Create: 	shelf נוצר בהצלחה!
28/04/2025 23:31:25	Dal.ImplementationSale.Create: 	1 התווסף בהצלחה!
28/04/2025 23:31:25	Dal.ImplementationSale.Create: 	2 התווסף בהצלחה!
28/04/2025 23:37:33	Dal.ImplementationClient.Create: 	hadasa נוצר בהצלחה!
28/04/2025 23:37:33	Dal.ImplementationClient.Create: 	sari נוצר בהצלחה!
28/04/2025 23:37:33	Dal.ImplementationClient.Create: 	aaa נוצר בהצלחה!
28/04/2025 23:37:33	Dal.ImplementationProduct.Create: 	pot נוצר בהצלחה!
28/04/2025 23:37:33	Dal.ImplementationProduct.Create: 	shelf נוצר בהצלחה!
28/04/2025 23:37:33	Dal.ImplementationSale.Create: 	1 התווסף בהצלחה!
28/04/2025 23:37:33	Dal.ImplementationSale.Create: 	2 התווסף בהצלחה!
28/04/2025 23:38:09	Dal.ImplementationClient.Create: 	hadasa נוצר בהצלחה!
28/04/2025 23:38:09	Dal.ImplementationClient.Create: 	sari נוצר בהצלחה!
28/04/2025 23:38:09	Dal.ImplementationClient.Create: 	aaa נוצר בהצלחה!
28/04/2025 23:38:09	Dal.ImplementationProduct.Create: 	pot נוצר בהצלחה!
28/04/2025 23:38:09	Dal.ImplementationProduct.Create: 	shelf נוצר בהצלחה!
28/04/2025 23:38:09	Dal.ImplementationSale.Create: 	1 התווסף בהצלחה!
28/04/2025 23:38:09	Dal.ImplementationSale.Create: 	2 התווסף בהצלחה!
28/04/2025 23:40:09	Dal.ImplementationClient.Create: 	hadasa נוצר בהצלחה!
28/04/2025 23:40:09	Dal.ImplementationClient.Create: 	sari נוצר בהצלחה!
28/04/2025 23:40:09	Dal.ImplementationClient.Create: 	aaa נוצר בהצלחה!
28/04/2025 23:40:09	Dal.ImplementationProduct.Create: 	pot נוצר בהצלחה!
28/04/2025 23:40:09	Dal.ImplementationProduct.Create: 	shelf נוצר בהצלחה!
28/04/2025 23:40:09	Dal.ImplementationSale.Create: 	1 התווסף בהצלחה!
28/04/2025 23:40:09	Dal.ImplementationSale.Create: 	2 התווסף בהצלחה!
28/04/2025 23:40:27	Dal.ImplementationClient.Create: 	hadasa נוצר בהצלחה!
28/04/2025 23:40:27	Dal.ImplementationClient.Create: 	sari נוצר בהצלחה!
28/04/2025 23:40:27	Dal.ImplementationClient.Create: 	aaa נוצר בהצלחה!
28/04/2025 23:40:27	Dal.ImplementationProduct.Create: 	pot נוצר בהצלחה!
28/04/2025 23:40:27	Dal.ImplementationProduct.Create: 	shelf נוצר בהצלחה!
28/04/2025 23:40:27	Dal.ImplementationSale.Create: 	1 התווסף בהצלחה!
28/04/2025 23:40:27	Dal.ImplementationSale.Create: 	2 התווסף בהצלחה!
28/04/2025 23:40:46	Dal.ImplementationClient.Create: 	hadasa נוצר בהצלחה!
28/04/2025 23:40:46	Dal.ImplementationClient.Create: 	sari נוצר בהצלחה!
28/04/2025 23:40:46	Dal.ImplementationClient.Create: 	aaa נוצר בהצלחה!
28/04/2025 23:40:46	Dal.ImplementationProduct.Create: 	pot נוצר בהצלחה!
28/04/2025 23:40:46	Dal.ImplementationProduct.Create: 	shelf נוצר בהצלחה!
28/04/2025 23:40:46	Dal.ImplementationSale.Create: 	1 התווסף בהצלחה!
28/04/2025 23:40:46	Dal.ImplementationSale.Create: 	2 התווסף בהצלחה!
28/04/2025 23:43:11	Dal.ImplementationClient.Create: 	hadasa נוצר בהצלחה!
28/04/2025 23:43:11	Dal.ImplementationClient.Create: 	sari נוצר בהצלחה!
28/04/2025 23:43:11	Dal.ImplementationClient.Create: 	aaa נוצר בהצלחה!
28/04/2025 23:43:11	Dal.ImplementationProduct.Create: 	pot נוצר בהצלחה!
28/04/2025 23:43:11	Dal.ImplementationProduct.Create: 	shelf נוצר בהצלחה!
28/04/2025 23:43:11	Dal.ImplementationSale.Create: 	1 התווסף בהצלחה!
28/04/2025 23:43:11	Dal.ImplementationSale.Create: 	2 התווסף בהצלחה!
28/04/2025 23:43:15	Dal.ImplementationClient.ReadAll: 	in func readAll
28/04/2025 23:43:27	Dal.ImplementationProduct.Read: 	pot in func read
